// Jest Snapshot v1, https://goo.gl/fbAQLP

exports[`render correctly 1`] = `
<div
  className="forecast-day"
  data-testid="weatherCard"
>
  <img
    alt="weather"
    className="weather-icon-card"
    src="https://openweathermap.org/img/wn/02d@2x.png"
  />
  <span>
    Thu
  </span>
  <span>
    1
     ° - 
    10
     °
  </span>
</div>
`;
